node : (node:5788) 
Warning: Failed to 
load the ES module: C
:\Users\Administrator
\Desktop\New folder (
2)\urban-stress-monit
or\server\index.js. 
Make sure to set 
"type": "module" in 
the nearest 
package.json file or 
use the .mjs 
extension.
At line:1 char:1
+ node index.js 2> 
error_log.txt
+ ~~~~~~~~~~~~~~~~~~~
~~~~~~~~~~~
    + CategoryInfo   
           : NotSpe  
  cified: ((node:5   
 788) War....mjs     
extension.:Strin    
g) [], RemoteExc    
eption
    + FullyQualified 
   ErrorId : Native  
  CommandError
 
(Use `node 
--trace-warnings 
...` to show where 
the warning was 
created)
C:\Users\Administrato
r\Desktop\New folder 
(2)\urban-stress-moni
tor\server\index.js:1
import { useState, 
useEffect } from 
'react';
^^^^^^

SyntaxError: Cannot 
use import statement 
outside a module
    at wrapSafe (node
:internal/modules/cjs
/loader:1691:18)
    at 
Module._compile (node
:internal/modules/cjs
/loader:1734:20)
    at Object..js (no
de:internal/modules/c
js/loader:1892:10)
    at Module.load (n
ode:internal/modules/
cjs/loader:1480:32)
    at Module._load (
node:internal/modules
/cjs/loader:1299:12)
    at TracingChannel
.traceSync (node:diag
nostics_channel:328:1
4)
    at 
wrapModuleLoad (node:
internal/modules/cjs/
loader:245:24)
    at Module.execute
UserEntryPoint [as 
runMain] (node:intern
al/modules/run_main:1
54:5)
    at node:internal/
main/run_main_module:
33:47

Node.js v25.2.1
